# serializer version: 1
# name: test_a_dartboard_without_autodarts_has_the_entities_of_the_games
  dict({
    'manual_0123456789abcdef0123456789abcdef_achievements': 'sensor.garage_achievements | - | enabled | - | badges | - | achievements | named',
    'manual_0123456789abcdef0123456789abcdef_achievements_enabled': 'switch.garage_unlock_achievements | config | enabled | - | - | - | achievements_enabled | named',
    'manual_0123456789abcdef0123456789abcdef_board_events': 'event.garage_events | - | enabled | - | - | - | board_events | named',
    'manual_0123456789abcdef0123456789abcdef_darts_today': 'sensor.garage_darts_today | - | enabled | - | darts | total_increasing | darts_today | named',
    'manual_0123456789abcdef0123456789abcdef_favourite_double': 'sensor.garage_favorite_double | - | enabled | - | - | - | favourite_double | named',
    'manual_0123456789abcdef0123456789abcdef_last_match': 'sensor.garage_last_match | - | enabled | timestamp | - | - | last_match | named',
    'manual_0123456789abcdef0123456789abcdef_last_throw': 'sensor.garage_last_dart | - | enabled | - | - | - | last_throw | named',
    'manual_0123456789abcdef0123456789abcdef_last_throw_score': 'sensor.garage_last_dart_score | - | enabled | - | points | - | last_throw_score | named',
    'manual_0123456789abcdef0123456789abcdef_local_status': 'sensor.garage_detection_status | - | enabled | enum | - | - | local_status | named',
    'manual_0123456789abcdef0123456789abcdef_local_visit_score': 'sensor.garage_detected_visit_score | - | enabled | - | points | - | local_visit_score | named',
    'manual_0123456789abcdef0123456789abcdef_personal_best': 'sensor.garage_last_personal_best | - | enabled | timestamp | - | - | personal_best | named',
    'manual_0123456789abcdef0123456789abcdef_player_profiles': 'sensor.garage_player_profiles | - | enabled | - | players | - | player_profiles | named',
    'manual_0123456789abcdef0123456789abcdef_practice_bot_delay': 'number.garage_practice_bot_delay | config | enabled | duration | s | - | practice_bot_delay | named',
    'manual_0123456789abcdef0123456789abcdef_practice_bot_level': 'number.garage_practice_bot_level | config | enabled | - | - | - | practice_bot_level | named',
    'manual_0123456789abcdef0123456789abcdef_practice_bull_off': 'switch.garage_practice_bull_off | config | enabled | - | - | - | practice_bull_off | named',
    'manual_0123456789abcdef0123456789abcdef_practice_bull_off_distance': 'switch.garage_practice_bull_off_by_distance | config | enabled | - | - | - | practice_bull_off_distance | named',
    'manual_0123456789abcdef0123456789abcdef_practice_checkout': 'sensor.garage_practice_checkout | - | enabled | - | - | - | practice_checkout | named',
    'manual_0123456789abcdef0123456789abcdef_practice_checkout_rate': 'sensor.garage_practice_checkout_rate | - | enabled | - | % | measurement | practice_checkout_rate | named',
    'manual_0123456789abcdef0123456789abcdef_practice_count_up_rounds': 'number.garage_practice_count_up_rounds | config | enabled | - | - | - | practice_count_up_rounds | named',
    'manual_0123456789abcdef0123456789abcdef_practice_double_in': 'switch.garage_practice_double_in | config | enabled | - | - | - | practice_double_in | named',
    'manual_0123456789abcdef0123456789abcdef_practice_double_out': 'switch.garage_practice_double_out | config | enabled | - | - | - | practice_double_out | named',
    'manual_0123456789abcdef0123456789abcdef_practice_doubles_rate': 'sensor.garage_practice_doubles_rate | - | enabled | - | % | measurement | practice_doubles_rate | named',
    'manual_0123456789abcdef0123456789abcdef_practice_first_9_average': 'sensor.garage_practice_first_9_average | - | enabled | - | points | measurement | practice_first_9_average | named',
    'manual_0123456789abcdef0123456789abcdef_practice_game': 'select.garage_practice_game | - | enabled | - | - | - | practice_game | named',
    'manual_0123456789abcdef0123456789abcdef_practice_golf_holes': 'select.garage_practice_golf_holes | config | enabled | - | - | - | practice_golf_holes | named',
    'manual_0123456789abcdef0123456789abcdef_practice_legs': 'number.garage_practice_legs_per_set | config | enabled | - | - | - | practice_legs | named',
    'manual_0123456789abcdef0123456789abcdef_practice_legs_played': 'sensor.garage_practice_legs_played | - | enabled | - | - | total | practice_legs_played | named',
    'manual_0123456789abcdef0123456789abcdef_practice_new_leg': 'button.garage_new_practice_leg | - | enabled | - | - | - | practice_new_leg | named',
    'manual_0123456789abcdef0123456789abcdef_practice_new_match': 'button.garage_new_practice_match | - | enabled | - | - | - | practice_new_match | named',
    'manual_0123456789abcdef0123456789abcdef_practice_personal_routes': 'switch.garage_practice_personal_checkout_routes | config | enabled | - | - | - | practice_personal_routes | named',
    'manual_0123456789abcdef0123456789abcdef_practice_player_1': 'text.garage_practice_player_1 | config | enabled | - | - | - | practice_player | named',
    'manual_0123456789abcdef0123456789abcdef_practice_player_2': 'text.garage_practice_player_2 | config | enabled | - | - | - | practice_player | named',
    'manual_0123456789abcdef0123456789abcdef_practice_player_3': 'text.garage_practice_player_3 | config | enabled | - | - | - | practice_player | named',
    'manual_0123456789abcdef0123456789abcdef_practice_player_4': 'text.garage_practice_player_4 | config | enabled | - | - | - | practice_player | named',
    'manual_0123456789abcdef0123456789abcdef_practice_player_5': 'text.garage_practice_player_5 | config | enabled | - | - | - | practice_player | named',
    'manual_0123456789abcdef0123456789abcdef_practice_player_6': 'text.garage_practice_player_6 | config | enabled | - | - | - | practice_player | named',
    'manual_0123456789abcdef0123456789abcdef_practice_player_7': 'text.garage_practice_player_7 | config | enabled | - | - | - | practice_player | named',
    'manual_0123456789abcdef0123456789abcdef_practice_player_8': 'text.garage_practice_player_8 | config | enabled | - | - | - | practice_player | named',
    'manual_0123456789abcdef0123456789abcdef_practice_players': 'number.garage_practice_players | config | enabled | - | - | - | practice_players | named',
    'manual_0123456789abcdef0123456789abcdef_practice_remaining': 'sensor.garage_practice_remaining_score | - | enabled | - | - | - | practice_remaining | named',
    'manual_0123456789abcdef0123456789abcdef_practice_sets': 'number.garage_practice_sets_to_win | config | enabled | - | - | - | practice_sets | named',
    'manual_0123456789abcdef0123456789abcdef_practice_start_1': 'number.garage_practice_start_score_player_1 | config | enabled | - | - | - | practice_start | named',
    'manual_0123456789abcdef0123456789abcdef_practice_start_2': 'number.garage_practice_start_score_player_2 | config | enabled | - | - | - | practice_start | named',
    'manual_0123456789abcdef0123456789abcdef_practice_start_3': 'number.garage_practice_start_score_player_3 | config | enabled | - | - | - | practice_start | named',
    'manual_0123456789abcdef0123456789abcdef_practice_start_4': 'number.garage_practice_start_score_player_4 | config | enabled | - | - | - | practice_start | named',
    'manual_0123456789abcdef0123456789abcdef_practice_target': 'sensor.garage_practice_target | - | enabled | - | - | - | practice_target | named',
    'manual_0123456789abcdef0123456789abcdef_practice_teams': 'switch.garage_practice_teams | config | enabled | - | - | - | practice_teams | named',
    'manual_0123456789abcdef0123456789abcdef_practice_three_in_a_bed': 'switch.garage_practice_wild_mouse_three_in_a_bed | config | enabled | - | - | - | practice_three_in_a_bed | named',
    'manual_0123456789abcdef0123456789abcdef_reset_training': 'button.garage_new_training_session | - | enabled | - | - | - | reset_training | named',
    'manual_0123456789abcdef0123456789abcdef_tournament': 'sensor.garage_tournament | - | enabled | enum | - | - | tournament | named',
    'manual_0123456789abcdef0123456789abcdef_tournament_format': 'select.garage_tournament_format | config | enabled | - | - | - | tournament_format | named',
    'manual_0123456789abcdef0123456789abcdef_tournament_game': 'select.garage_tournament_game | config | enabled | - | - | - | tournament_game | named',
    'manual_0123456789abcdef0123456789abcdef_tournament_next_match': 'button.garage_next_tournament_match | - | enabled | - | - | - | tournament_next_match | named',
    'manual_0123456789abcdef0123456789abcdef_tournament_pause': 'number.garage_tournament_pause | config | enabled | duration | s | - | tournament_pause | named',
    'manual_0123456789abcdef0123456789abcdef_tournament_players': 'text.garage_tournament_players | config | enabled | - | - | - | tournament_players | named',
    'manual_0123456789abcdef0123456789abcdef_tournament_random_draw': 'switch.garage_tournament_random_draw | config | enabled | - | - | - | tournament_random_draw | named',
    'manual_0123456789abcdef0123456789abcdef_tournament_start': 'button.garage_start_tournament | - | enabled | - | - | - | tournament_start | named',
    'manual_0123456789abcdef0123456789abcdef_tournament_stop': 'button.garage_stop_tournament | - | enabled | - | - | - | tournament_stop | named',
    'manual_0123456789abcdef0123456789abcdef_tournament_summary': 'number.garage_tournament_summary_duration | config | enabled | duration | s | - | tournament_summary | named',
    'manual_0123456789abcdef0123456789abcdef_tournament_third_place': 'switch.garage_tournament_third_place_match | config | enabled | - | - | - | tournament_third_place | named',
    'manual_0123456789abcdef0123456789abcdef_training_auto_start': 'switch.garage_start_sessions_automatically | config | enabled | - | - | - | training_auto_start | named',
    'manual_0123456789abcdef0123456789abcdef_training_average': 'sensor.garage_training_3_dart_average | - | enabled | - | points | measurement | training_average | named',
    'manual_0123456789abcdef0123456789abcdef_training_bulls': 'sensor.garage_training_bull_hits | - | enabled | - | darts | total | training_bulls | named',
    'manual_0123456789abcdef0123456789abcdef_training_calendar': 'calendar.garage_training_calendar | - | enabled | - | - | - | training_calendar | named',
    'manual_0123456789abcdef0123456789abcdef_training_daily_goal': 'number.garage_daily_goal | config | enabled | - | darts | - | training_daily_goal | named',
    'manual_0123456789abcdef0123456789abcdef_training_darts': 'sensor.garage_training_darts | - | enabled | - | darts | total | training_darts | named',
    'manual_0123456789abcdef0123456789abcdef_training_doubles': 'sensor.garage_training_doubles | - | enabled | - | darts | total | training_doubles | named',
    'manual_0123456789abcdef0123456789abcdef_training_highest_visit': 'sensor.garage_training_highest_visit | - | enabled | - | points | measurement | training_highest_visit | named',
    'manual_0123456789abcdef0123456789abcdef_training_idle_timeout': 'number.garage_session_idle_timeout | config | enabled | duration | min | - | training_idle_timeout | named',
    'manual_0123456789abcdef0123456789abcdef_training_last_session': 'sensor.garage_last_session_average | - | enabled | - | points | measurement | training_last_session | named',
    'manual_0123456789abcdef0123456789abcdef_training_misses': 'sensor.garage_training_misses | - | enabled | - | darts | total | training_misses | named',
    'manual_0123456789abcdef0123456789abcdef_training_points': 'sensor.garage_training_points | - | enabled | - | points | total | training_points | named',
    'manual_0123456789abcdef0123456789abcdef_training_scores_100': 'sensor.garage_training_100_visits | - | enabled | - | visits | total | training_scores_100 | named',
    'manual_0123456789abcdef0123456789abcdef_training_scores_140': 'sensor.garage_training_140_visits | - | enabled | - | visits | total | training_scores_140 | named',
    'manual_0123456789abcdef0123456789abcdef_training_scores_180': 'sensor.garage_training_180s | - | enabled | - | visits | total | training_scores_180 | named',
    'manual_0123456789abcdef0123456789abcdef_training_session': 'switch.garage_training_session | - | enabled | - | - | - | training_session | named',
    'manual_0123456789abcdef0123456789abcdef_training_started': 'sensor.garage_training_session_start | - | enabled | timestamp | - | - | training_started | named',
    'manual_0123456789abcdef0123456789abcdef_training_streak': 'sensor.garage_training_streak | - | enabled | duration | d | measurement | training_streak | named',
    'manual_0123456789abcdef0123456789abcdef_training_triples': 'sensor.garage_training_triples | - | enabled | - | darts | total | training_triples | named',
    'manual_0123456789abcdef0123456789abcdef_training_visits': 'sensor.garage_training_visits | - | enabled | - | visits | total | training_visits | named',
    'manual_0123456789abcdef0123456789abcdef_weekly_report': 'sensor.garage_weekly_report | - | enabled | - | darts | total | weekly_report | named',
    'manual_0123456789abcdef0123456789abcdef_weekly_report_day': 'select.garage_weekly_report_day | config | enabled | - | - | - | weekly_report_day | named',
    'manual_0123456789abcdef0123456789abcdef_weekly_report_time': 'time.garage_weekly_report_time | config | enabled | - | - | - | weekly_report_time | named',
  })
# ---
